[0.971s] Invoking command in '/home/heath/waypoint_field_nav': DEBUGINFOD_URLS=https://debuginfod.ubuntu.com PYTHONPATH=/home/heath/waypoint_field_nav/build/waypoint_field_nav/prefix_override:/usr/lib/python3/dist-packages/colcon_core/task/python/colcon_distutils_commands:/home/heath/waypoint_field_nav/install/waypoint_field_nav/lib/python3.12/site-packages:${PYTHONPATH} /usr/bin/python3 -W ignore:setup.py install is deprecated -W ignore:easy_install command is deprecated setup.py egg_info --egg-base build/waypoint_field_nav build --build-base /home/heath/waypoint_field_nav/build/waypoint_field_nav/build install --record /home/heath/waypoint_field_nav/build/waypoint_field_nav/install.log --install-scripts $base/lib/waypoint_field_nav --single-version-externally-managed install_data
[1.285s] running egg_info
[1.304s] writing build/waypoint_field_nav/waypoint_field_nav.egg-info/PKG-INFO
[1.305s] writing dependency_links to build/waypoint_field_nav/waypoint_field_nav.egg-info/dependency_links.txt
[1.305s] writing entry points to build/waypoint_field_nav/waypoint_field_nav.egg-info/entry_points.txt
[1.305s] writing requirements to build/waypoint_field_nav/waypoint_field_nav.egg-info/requires.txt
[1.305s] writing top-level names to build/waypoint_field_nav/waypoint_field_nav.egg-info/top_level.txt
[1.349s] reading manifest file 'build/waypoint_field_nav/waypoint_field_nav.egg-info/SOURCES.txt'
[1.350s] writing manifest file 'build/waypoint_field_nav/waypoint_field_nav.egg-info/SOURCES.txt'
[1.350s] running build
[1.351s] running build_py
[1.351s] copying waypoint_field_nav/course_publisher.py -> /home/heath/waypoint_field_nav/build/waypoint_field_nav/build/lib/waypoint_field_nav
[1.351s] copying waypoint_field_nav/__init__.py -> /home/heath/waypoint_field_nav/build/waypoint_field_nav/build/lib/waypoint_field_nav
[1.351s] copying waypoint_field_nav/generate_course.py -> /home/heath/waypoint_field_nav/build/waypoint_field_nav/build/lib/waypoint_field_nav
[1.351s] copying waypoint_field_nav/navigator.py -> /home/heath/waypoint_field_nav/build/waypoint_field_nav/build/lib/waypoint_field_nav
[1.352s] copying waypoint_field_nav/core/course_gen.py -> /home/heath/waypoint_field_nav/build/waypoint_field_nav/build/lib/waypoint_field_nav/core
[1.352s] copying waypoint_field_nav/core/__init__.py -> /home/heath/waypoint_field_nav/build/waypoint_field_nav/build/lib/waypoint_field_nav/core
[1.352s] copying waypoint_field_nav/core/nav_core.py -> /home/heath/waypoint_field_nav/build/waypoint_field_nav/build/lib/waypoint_field_nav/core
[1.352s] copying waypoint_field_nav/core/potential_field.py -> /home/heath/waypoint_field_nav/build/waypoint_field_nav/build/lib/waypoint_field_nav/core
[1.352s] copying waypoint_field_nav/core/geometry.py -> /home/heath/waypoint_field_nav/build/waypoint_field_nav/build/lib/waypoint_field_nav/core
[1.353s] copying waypoint_field_nav/core/planner.py -> /home/heath/waypoint_field_nav/build/waypoint_field_nav/build/lib/waypoint_field_nav/core
[1.353s] running install
[1.361s] running install_lib
[1.381s] copying /home/heath/waypoint_field_nav/build/waypoint_field_nav/build/lib/waypoint_field_nav/core/course_gen.py -> /home/heath/waypoint_field_nav/install/waypoint_field_nav/lib/python3.12/site-packages/waypoint_field_nav/core
[1.381s] copying /home/heath/waypoint_field_nav/build/waypoint_field_nav/build/lib/waypoint_field_nav/core/__init__.py -> /home/heath/waypoint_field_nav/install/waypoint_field_nav/lib/python3.12/site-packages/waypoint_field_nav/core
[1.382s] copying /home/heath/waypoint_field_nav/build/waypoint_field_nav/build/lib/waypoint_field_nav/core/nav_core.py -> /home/heath/waypoint_field_nav/install/waypoint_field_nav/lib/python3.12/site-packages/waypoint_field_nav/core
[1.382s] copying /home/heath/waypoint_field_nav/build/waypoint_field_nav/build/lib/waypoint_field_nav/core/potential_field.py -> /home/heath/waypoint_field_nav/install/waypoint_field_nav/lib/python3.12/site-packages/waypoint_field_nav/core
[1.382s] copying /home/heath/waypoint_field_nav/build/waypoint_field_nav/build/lib/waypoint_field_nav/core/geometry.py -> /home/heath/waypoint_field_nav/install/waypoint_field_nav/lib/python3.12/site-packages/waypoint_field_nav/core
[1.382s] copying /home/heath/waypoint_field_nav/build/waypoint_field_nav/build/lib/waypoint_field_nav/core/planner.py -> /home/heath/waypoint_field_nav/install/waypoint_field_nav/lib/python3.12/site-packages/waypoint_field_nav/core
[1.382s] copying /home/heath/waypoint_field_nav/build/waypoint_field_nav/build/lib/waypoint_field_nav/course_publisher.py -> /home/heath/waypoint_field_nav/install/waypoint_field_nav/lib/python3.12/site-packages/waypoint_field_nav
[1.382s] copying /home/heath/waypoint_field_nav/build/waypoint_field_nav/build/lib/waypoint_field_nav/__init__.py -> /home/heath/waypoint_field_nav/install/waypoint_field_nav/lib/python3.12/site-packages/waypoint_field_nav
[1.382s] copying /home/heath/waypoint_field_nav/build/waypoint_field_nav/build/lib/waypoint_field_nav/generate_course.py -> /home/heath/waypoint_field_nav/install/waypoint_field_nav/lib/python3.12/site-packages/waypoint_field_nav
[1.382s] copying /home/heath/waypoint_field_nav/build/waypoint_field_nav/build/lib/waypoint_field_nav/navigator.py -> /home/heath/waypoint_field_nav/install/waypoint_field_nav/lib/python3.12/site-packages/waypoint_field_nav
[1.383s] byte-compiling /home/heath/waypoint_field_nav/install/waypoint_field_nav/lib/python3.12/site-packages/waypoint_field_nav/core/course_gen.py to course_gen.cpython-312.pyc
[1.384s] byte-compiling /home/heath/waypoint_field_nav/install/waypoint_field_nav/lib/python3.12/site-packages/waypoint_field_nav/core/__init__.py to __init__.cpython-312.pyc
[1.385s] byte-compiling /home/heath/waypoint_field_nav/install/waypoint_field_nav/lib/python3.12/site-packages/waypoint_field_nav/core/nav_core.py to nav_core.cpython-312.pyc
[1.389s] byte-compiling /home/heath/waypoint_field_nav/install/waypoint_field_nav/lib/python3.12/site-packages/waypoint_field_nav/core/potential_field.py to potential_field.cpython-312.pyc
[1.390s] byte-compiling /home/heath/waypoint_field_nav/install/waypoint_field_nav/lib/python3.12/site-packages/waypoint_field_nav/core/geometry.py to geometry.cpython-312.pyc
[1.392s] byte-compiling /home/heath/waypoint_field_nav/install/waypoint_field_nav/lib/python3.12/site-packages/waypoint_field_nav/core/planner.py to planner.cpython-312.pyc
[1.394s] byte-compiling /home/heath/waypoint_field_nav/install/waypoint_field_nav/lib/python3.12/site-packages/waypoint_field_nav/course_publisher.py to course_publisher.cpython-312.pyc
[1.396s] byte-compiling /home/heath/waypoint_field_nav/install/waypoint_field_nav/lib/python3.12/site-packages/waypoint_field_nav/__init__.py to __init__.cpython-312.pyc
[1.396s] byte-compiling /home/heath/waypoint_field_nav/install/waypoint_field_nav/lib/python3.12/site-packages/waypoint_field_nav/generate_course.py to generate_course.cpython-312.pyc
[1.398s] byte-compiling /home/heath/waypoint_field_nav/install/waypoint_field_nav/lib/python3.12/site-packages/waypoint_field_nav/navigator.py to navigator.cpython-312.pyc
[1.400s] running install_data
[1.400s] copying resource/waypoint_field_nav -> /home/heath/waypoint_field_nav/install/waypoint_field_nav/share/ament_index/resource_index/packages
[1.401s] copying package.xml -> /home/heath/waypoint_field_nav/install/waypoint_field_nav/share/waypoint_field_nav
[1.401s] copying launch/bringup.launch.py -> /home/heath/waypoint_field_nav/install/waypoint_field_nav/share/waypoint_field_nav/launch
[1.401s] copying config/bridge.yaml -> /home/heath/waypoint_field_nav/install/waypoint_field_nav/share/waypoint_field_nav/config
[1.401s] copying config/nav.rviz -> /home/heath/waypoint_field_nav/install/waypoint_field_nav/share/waypoint_field_nav/config
[1.401s] copying worlds/default_course.yaml -> /home/heath/waypoint_field_nav/install/waypoint_field_nav/share/waypoint_field_nav/worlds
[1.401s] copying worlds/default_course.sdf -> /home/heath/waypoint_field_nav/install/waypoint_field_nav/share/waypoint_field_nav/worlds
[1.401s] running install_egg_info
[1.426s] removing '/home/heath/waypoint_field_nav/install/waypoint_field_nav/lib/python3.12/site-packages/waypoint_field_nav-1.0.0-py3.12.egg-info' (and everything under it)
[1.426s] Copying build/waypoint_field_nav/waypoint_field_nav.egg-info to /home/heath/waypoint_field_nav/install/waypoint_field_nav/lib/python3.12/site-packages/waypoint_field_nav-1.0.0-py3.12.egg-info
[1.427s] running install_scripts
[1.576s] Installing course_publisher script to /home/heath/waypoint_field_nav/install/waypoint_field_nav/lib/waypoint_field_nav
[1.577s] Installing generate_course script to /home/heath/waypoint_field_nav/install/waypoint_field_nav/lib/waypoint_field_nav
[1.577s] Installing navigator script to /home/heath/waypoint_field_nav/install/waypoint_field_nav/lib/waypoint_field_nav
[1.577s] writing list of installed files to '/home/heath/waypoint_field_nav/build/waypoint_field_nav/install.log'
[1.613s] Invoked command in '/home/heath/waypoint_field_nav' returned '0': DEBUGINFOD_URLS=https://debuginfod.ubuntu.com PYTHONPATH=/home/heath/waypoint_field_nav/build/waypoint_field_nav/prefix_override:/usr/lib/python3/dist-packages/colcon_core/task/python/colcon_distutils_commands:/home/heath/waypoint_field_nav/install/waypoint_field_nav/lib/python3.12/site-packages:${PYTHONPATH} /usr/bin/python3 -W ignore:setup.py install is deprecated -W ignore:easy_install command is deprecated setup.py egg_info --egg-base build/waypoint_field_nav build --build-base /home/heath/waypoint_field_nav/build/waypoint_field_nav/build install --record /home/heath/waypoint_field_nav/build/waypoint_field_nav/install.log --install-scripts $base/lib/waypoint_field_nav --single-version-externally-managed install_data
