/home/heath/waypoint_field_nav/install/waypoint_field_nav/lib/python3.12/site-packages/waypoint_field_nav/course_publisher.py
/home/heath/waypoint_field_nav/install/waypoint_field_nav/lib/python3.12/site-packages/waypoint_field_nav/__init__.py
/home/heath/waypoint_field_nav/install/waypoint_field_nav/lib/python3.12/site-packages/waypoint_field_nav/generate_course.py
/home/heath/waypoint_field_nav/install/waypoint_field_nav/lib/python3.12/site-packages/waypoint_field_nav/navigator.py
/home/heath/waypoint_field_nav/install/waypoint_field_nav/lib/python3.12/site-packages/waypoint_field_nav/core/course_gen.py
/home/heath/waypoint_field_nav/install/waypoint_field_nav/lib/python3.12/site-packages/waypoint_field_nav/core/__init__.py
/home/heath/waypoint_field_nav/install/waypoint_field_nav/lib/python3.12/site-packages/waypoint_field_nav/core/nav_core.py
/home/heath/waypoint_field_nav/install/waypoint_field_nav/lib/python3.12/site-packages/waypoint_field_nav/core/potential_field.py
/home/heath/waypoint_field_nav/install/waypoint_field_nav/lib/python3.12/site-packages/waypoint_field_nav/core/geometry.py
/home/heath/waypoint_field_nav/install/waypoint_field_nav/lib/python3.12/site-packages/waypoint_field_nav/core/planner.py
/home/heath/waypoint_field_nav/install/waypoint_field_nav/lib/python3.12/site-packages/waypoint_field_nav/__pycache__/course_publisher.cpython-312.pyc
/home/heath/waypoint_field_nav/install/waypoint_field_nav/lib/python3.12/site-packages/waypoint_field_nav/__pycache__/__init__.cpython-312.pyc
/home/heath/waypoint_field_nav/install/waypoint_field_nav/lib/python3.12/site-packages/waypoint_field_nav/__pycache__/generate_course.cpython-312.pyc
/home/heath/waypoint_field_nav/install/waypoint_field_nav/lib/python3.12/site-packages/waypoint_field_nav/__pycache__/navigator.cpython-312.pyc
/home/heath/waypoint_field_nav/install/waypoint_field_nav/lib/python3.12/site-packages/waypoint_field_nav/core/__pycache__/course_gen.cpython-312.pyc
/home/heath/waypoint_field_nav/install/waypoint_field_nav/lib/python3.12/site-packages/waypoint_field_nav/core/__pycache__/__init__.cpython-312.pyc
/home/heath/waypoint_field_nav/install/waypoint_field_nav/lib/python3.12/site-packages/waypoint_field_nav/core/__pycache__/nav_core.cpython-312.pyc
/home/heath/waypoint_field_nav/install/waypoint_field_nav/lib/python3.12/site-packages/waypoint_field_nav/core/__pycache__/potential_field.cpython-312.pyc
/home/heath/waypoint_field_nav/install/waypoint_field_nav/lib/python3.12/site-packages/waypoint_field_nav/core/__pycache__/geometry.cpython-312.pyc
/home/heath/waypoint_field_nav/install/waypoint_field_nav/lib/python3.12/site-packages/waypoint_field_nav/core/__pycache__/planner.cpython-312.pyc
/home/heath/waypoint_field_nav/install/waypoint_field_nav/share/ament_index/resource_index/packages/waypoint_field_nav
/home/heath/waypoint_field_nav/install/waypoint_field_nav/share/waypoint_field_nav/package.xml
/home/heath/waypoint_field_nav/install/waypoint_field_nav/share/waypoint_field_nav/launch/bringup.launch.py
/home/heath/waypoint_field_nav/install/waypoint_field_nav/share/waypoint_field_nav/config/bridge.yaml
/home/heath/waypoint_field_nav/install/waypoint_field_nav/share/waypoint_field_nav/config/nav.rviz
/home/heath/waypoint_field_nav/install/waypoint_field_nav/share/waypoint_field_nav/worlds/default_course.yaml
/home/heath/waypoint_field_nav/install/waypoint_field_nav/share/waypoint_field_nav/worlds/default_course.sdf
/home/heath/waypoint_field_nav/install/waypoint_field_nav/lib/python3.12/site-packages/waypoint_field_nav-1.0.0-py3.12.egg-info/zip-safe
/home/heath/waypoint_field_nav/install/waypoint_field_nav/lib/python3.12/site-packages/waypoint_field_nav-1.0.0-py3.12.egg-info/entry_points.txt
/home/heath/waypoint_field_nav/install/waypoint_field_nav/lib/python3.12/site-packages/waypoint_field_nav-1.0.0-py3.12.egg-info/dependency_links.txt
/home/heath/waypoint_field_nav/install/waypoint_field_nav/lib/python3.12/site-packages/waypoint_field_nav-1.0.0-py3.12.egg-info/top_level.txt
/home/heath/waypoint_field_nav/install/waypoint_field_nav/lib/python3.12/site-packages/waypoint_field_nav-1.0.0-py3.12.egg-info/PKG-INFO
/home/heath/waypoint_field_nav/install/waypoint_field_nav/lib/python3.12/site-packages/waypoint_field_nav-1.0.0-py3.12.egg-info/SOURCES.txt
/home/heath/waypoint_field_nav/install/waypoint_field_nav/lib/python3.12/site-packages/waypoint_field_nav-1.0.0-py3.12.egg-info/requires.txt
/home/heath/waypoint_field_nav/install/waypoint_field_nav/lib/waypoint_field_nav/course_publisher
/home/heath/waypoint_field_nav/install/waypoint_field_nav/lib/waypoint_field_nav/generate_course
/home/heath/waypoint_field_nav/install/waypoint_field_nav/lib/waypoint_field_nav/navigator
